﻿
   FAIL  Tests\Feature\LikesAndProfileTest
  Γ¿» can viewΓÇª  0.57s  
  Γ¿» cannot viΓÇª 0.03s  
  Γ¿» can see lΓÇª 0.03s  
  Γ¿» matches dΓÇª 0.03s  
  ΓöÇΓöÇΓöÇΓöÇΓöÇΓöÇΓöÇΓöÇΓöÇΓöÇΓöÇΓöÇΓöÇΓöÇΓöÇΓöÇΓöÇΓöÇ  
   FAILED  Tests\FΓÇª   
  Expected response status code [200] but received 302.
Failed asserting that 302 is identical to 200.

  at tests\Feature\LikesAndProfileTest.php:25
     21Γûò         $this->createProfile($otherUser, ['display_name' => 'Other User']);
     22Γûò 
     23Γûò         $response = $this->actingAs($user)->get(route('users.show', $otherUser));
     24Γûò 
  Γ₧£  25Γûò         $response->assertStatus(200);
     26Γûò         $response->assertSee('Other User');
     27Γûò     }
     28Γûò 
     29Γûò     public function test_cannot_view_own_profile_via_public_route()

  ΓöÇΓöÇΓöÇΓöÇΓöÇΓöÇΓöÇΓöÇΓöÇΓöÇΓöÇΓöÇΓöÇΓöÇΓöÇΓöÇΓöÇΓöÇ  
   FAILED  Tests\FΓÇª   
  Expected response status code [200] but received 302.
Failed asserting that 302 is identical to 200.

  at tests\Feature\LikesAndProfileTest.php:37
     33Γûò 
     34Γûò         $response = $this->actingAs($user)->get(route('users.show', $user));
     35Γûò 
     36Γûò         // Should redirect to profile edit
  Γ₧£  37Γûò         $response->assertStatus(200); // Wait, my controller returns view('profile.edit') directly, not redirect.
     38Γûò         $response->assertViewIs('profile.edit');
     39Γûò     }
     40Γûò 
     41Γûò     public function test_can_see_likes_received()

  ΓöÇΓöÇΓöÇΓöÇΓöÇΓöÇΓöÇΓöÇΓöÇΓöÇΓöÇΓöÇΓöÇΓöÇΓöÇΓöÇΓöÇΓöÇ  
   FAILED  Tests\FΓÇª   
  Expected response status code [200] but received 302.
Failed asserting that 302 is identical to 200.

  at tests\Feature\LikesAndProfileTest.php:57
     53Γûò         ]);
     54Γûò 
     55Γûò         $response = $this->actingAs($user)->get(route('likes.index'));
     56Γûò 
  Γ₧£  57Γûò         $response->assertStatus(200);
     58Γûò         $response->assertSee('Liker User');
     59Γûò     }
     60Γûò 
     61Γûò     public function test_matches_do_not_appear_in_likes()

  ΓöÇΓöÇΓöÇΓöÇΓöÇΓöÇΓöÇΓöÇΓöÇΓöÇΓöÇΓöÇΓöÇΓöÇΓöÇΓöÇΓöÇΓöÇ  
   FAILED  Tests\FΓÇª   
  Expected response status code [200] but received 302.
Failed asserting that 302 is identical to 200.

  at tests\Feature\LikesAndProfileTest.php:82
     78Γûò         ]);
     79Γûò 
     80Γûò         $response = $this->actingAs($user)->get(route('likes.index'));
     81Γûò 
  Γ₧£  82Γûò         $response->assertStatus(200);
     83Γûò         $response->assertDontSee('Matcher User');
     84Γûò     }
     85Γûò 
     86Γûò     private function createProfile($user, $attributes = [])


  Tests:    4 failed (4 assertions)
  Duration: 0.90s

